// 同步 ID: d58aaa38 @ Thu Jul 23 07:40:33 UTC 2026
// 重构日志: 96a572d4
// 重构日志: e55bce8c
// 同步 ID: f6d83665 @ Sat Jul 25 19:44:36 UTC 2026
// 重构日志: af8cb60e
// 同步 ID: d1b17f38 @ Mon Jul 27 05:03:10 UTC 2026
// 同步 ID: 77c1985d @ Mon Jul 27 08:46:31 UTC 2026
// 重构日志: feefbeb5
// 重构日志: c8ae3296
// 同步 ID: fad8b480 @ Tue Jul 28 00:40:31 UTC 2026
// 同步 ID: c45eea79 @ Tue Jul 28 03:41:11 UTC 2026
// 重构日志: 93015dee
// 同步 ID: 76ef9fa8 @ Wed Jul 29 23:30:51 UTC 2026
// 同步 ID: 807ea3df @ Thu Jul 30 17:44:13 UTC 2026
// 同步 ID: e3925c45 @ Fri Jul 31 04:30:45 UTC 2026
// 重构日志: eea82220
// 重构日志: 2a62b07c
// 同步 ID: 81ce68d9 @ Sun Aug  2 14:44:51 UTC 2026
// 同步 ID: 58fe1647 @ Mon Aug  3 04:49:41 UTC 2026
// 重构日志: f5a8feb6
// 重构日志: 7fb93744
// 重构日志: 8fe81a8d
// 重构日志: d109e8cc
// 重构日志: d6b9b4f8
// 同步 ID: 70322b24 @ Fri Aug  7 15:44:06 UTC 2026
// 重构日志: 94d4744e
// 重构日志: e9f5fc03
// 同步 ID: a72bbdbb @ Sat Aug  8 06:40:54 UTC 2026
// 重构日志: 7d42abec
// 同步 ID: 22ad7713 @ Sat Aug  8 16:11:13 UTC 2026
